2025-10-01 10:40:23,081 - INFO - Loading spaCy model...
2025-10-01 10:40:23,291 - INFO - Initializing Knowledge Graph Extractor...
2025-10-01 10:40:23,291 - INFO - Loading data from data/input...
2025-10-01 10:40:23,298 - INFO - Loaded 40 blocks from test_data_40_blocks.json
2025-10-01 10:40:23,298 - INFO - Loaded 40 text blocks
2025-10-01 10:40:23,298 - INFO - Processing 40 blocks in batches of 50
2025-10-01 10:42:26,900 - INFO - Loading spaCy model...
2025-10-01 10:42:27,099 - INFO - Initializing Knowledge Graph Extractor...
2025-10-01 10:42:27,099 - INFO - Loading data from data/input...
2025-10-01 10:42:27,104 - INFO - Loaded 40 blocks from test_data_40_blocks.json
2025-10-01 10:42:27,104 - INFO - Loaded 40 text blocks
2025-10-01 10:42:27,104 - INFO - Processing 40 blocks in batches of 50
2025-10-01 10:47:52,374 - INFO - Extracted 135699 entities and 1756037 relationships
2025-10-01 10:47:53,078 - INFO - Saved 135699 entities to kg_output/entities_20251001_104752.json
2025-10-01 10:48:31,944 - INFO - Saved 1756037 relationships to kg_output/relationships_20251001_104752.json
2025-10-01 10:48:31,966 - INFO - Saved metadata to kg_output/metadata_20251001_104752.json
2025-10-01 10:48:32,391 - INFO - Saved entities to CSV: kg_output/entities_20251001_104752.csv
2025-10-01 10:48:37,281 - INFO - Saved relationships to CSV: kg_output/relationships_20251001_104752.csv
2025-10-01 10:48:37,441 - INFO - Connecting to Neo4j...
2025-10-01 10:48:37,441 - INFO - Starting Neo4j population...
2025-10-01 10:48:37,441 - INFO - Clearing existing data...
2025-10-01 10:48:37,441 - ERROR - Error in main execution: Couldn't connect to localhost:7687 (resolved to ('127.0.0.1:7687',)):
Failed to establish connection to ResolvedIPv4Address(('127.0.0.1', 7687)) (reason [Errno 111] Connection refused)
2025-10-01 10:57:58,369 - INFO - Loading spaCy model...
2025-10-01 10:57:58,566 - INFO - Initializing Knowledge Graph Extractor...
2025-10-01 10:57:58,566 - INFO - Loading data from data/input...
2025-10-01 10:57:58,571 - INFO - Loaded 40 blocks from test_data_40_blocks.json
2025-10-01 10:57:58,571 - INFO - Loaded 40 text blocks
2025-10-01 10:57:58,571 - INFO - Processing 40 blocks in batches of 50
2025-10-01 11:03:22,823 - INFO - Extracted 135699 entities and 1756037 relationships
2025-10-01 11:03:23,543 - INFO - Saved 135699 entities to kg_output/entities_20251001_110322.json
2025-10-01 11:04:03,569 - INFO - Saved 1756037 relationships to kg_output/relationships_20251001_110322.json
2025-10-01 11:04:03,591 - INFO - Saved metadata to kg_output/metadata_20251001_110322.json
2025-10-01 11:04:03,997 - INFO - Saved entities to CSV: kg_output/entities_20251001_110322.csv
2025-10-01 11:04:08,803 - INFO - Saved relationships to CSV: kg_output/relationships_20251001_110322.csv
2025-10-01 11:04:08,957 - INFO - Connecting to Neo4j...
2025-10-01 11:04:08,957 - INFO - Starting Neo4j population...
2025-10-01 11:04:08,957 - INFO - Clearing existing data...
2025-10-01 11:04:09,051 - INFO - Creating entity nodes...
2025-10-01 11:10:27,131 - INFO - Creating relationships...
2025-10-01 12:37:29,655 - INFO - Neo4j population complete!
2025-10-01 12:37:29,932 - INFO - Neo4j Statistics: {'total_nodes': 135699, 'total_relationships': 1756037, 'entity_types': [{'type': 'NOUN_PHRASE', 'count': 51307}, {'type': 'NOUN', 'count': 48215}, {'type': 'PROPN', 'count': 26715}, {'type': 'ORG', 'count': 2066}, {'type': 'CARDINAL', 'count': 1973}, {'type': 'GPE', 'count': 1298}, {'type': 'PERSON', 'count': 1136}, {'type': 'DATE', 'count': 636}, {'type': 'NORP', 'count': 523}, {'type': 'PERCENT', 'count': 472}, {'type': 'LOC', 'count': 400}, {'type': 'MONEY', 'count': 344}, {'type': 'ORDINAL', 'count': 314}, {'type': 'WORK_OF_ART', 'count': 120}, {'type': 'QUANTITY', 'count': 76}, {'type': 'PRODUCT', 'count': 50}, {'type': 'FAC', 'count': 34}, {'type': 'LAW', 'count': 14}, {'type': 'TIME', 'count': 4}, {'type': 'EVENT', 'count': 2}]}
2025-10-01 12:37:29,989 - INFO - Saved extractor state
2025-10-01 12:37:29,989 - INFO - ============================================================
2025-10-01 12:37:29,989 - INFO - EXTRACTION COMPLETE
2025-10-01 12:37:29,990 - INFO - ============================================================
2025-10-01 12:37:29,990 - INFO - Total entities extracted: 135699
2025-10-01 12:37:29,990 - INFO - Total relationships extracted: 1756037
2025-10-01 12:37:29,990 - INFO - Files saved in: kg_output/
2025-10-01 12:37:29,990 - INFO - Neo4j nodes created: 135699
2025-10-01 12:37:29,990 - INFO - Neo4j relationships created: 1756037
2025-10-01 12:37:29,990 - INFO - View in Neo4j Browser: http://localhost:7475
2025-10-03 11:02:03,845 - INFO - Loading spaCy model...
2025-10-03 11:02:04,073 - INFO - Initializing Knowledge Graph Extractor...
2025-10-03 11:02:04,073 - INFO - Loading data from data/input...
2025-10-03 11:02:04,153 - INFO - Loaded 600 blocks from new_cleaned_data.json
2025-10-03 11:02:04,192 - INFO - Loaded 598 blocks from cleaned_Procurement Tactics.json
2025-10-03 11:02:04,193 - INFO - Loaded 97 blocks from cleaned_ProcureAbility.json
2025-10-03 11:02:04,204 - INFO - Loaded 423 blocks from cleaned_Glossary_Procurement Tactics(1).json
2025-10-03 11:02:04,204 - INFO - Loaded 1718 text blocks
2025-10-03 11:02:04,204 - INFO - Processing 1718 blocks in batches of 50
2025-10-03 12:48:19,207 - INFO - Extracted 3811001 entities and 43133690 relationships
2025-10-03 12:49:28,200 - INFO - Saved 3811001 entities to kg_output/entities_20251003_124819.json
2025-10-03 13:13:22,303 - INFO - Saved 43133690 relationships to kg_output/relationships_20251003_124819.json
2025-10-03 13:14:02,728 - INFO - Saved metadata to kg_output/metadata_20251003_124819.json
2025-10-03 13:15:23,408 - INFO - Saved entities to CSV: kg_output/entities_20251003_124819.csv
2025-10-03 13:28:48,148 - INFO - Saved relationships to CSV: kg_output/relationships_20251003_124819.csv
2025-10-03 13:28:59,354 - INFO - Connecting to Neo4j...
2025-10-03 13:28:59,355 - INFO - Starting Neo4j population...
2025-10-03 13:28:59,412 - INFO - Clearing existing data...
2025-10-03 13:28:59,456 - ERROR - Error in main execution: Couldn't connect to localhost:7687 (resolved to ('127.0.0.1:7687',)):
Failed to establish connection to ResolvedIPv4Address(('127.0.0.1', 7687)) (reason [Errno 111] Connection refused)
